Configuration is affected by the following files:
- cabal.project
- cabal.project.freeze
- cabal.project.local
Build profile: -w ghc-9.6.6 -O1
In order, the following will be built (use -v for more details):
 - qxfx0-0.1.0.0 (lib) (configuration changed)
 - qxfx0-0.1.0.0 (exe:qxfx0-main) (configuration changed)
 - qxfx0-0.1.0.0 (test:qxfx0-test) (configuration changed)
Warning: qxfx0.cabal:18:1: Ignoring trailing fields after sections:
"data-files"
Warning: qxfx0.cabal:14:1: Unknown field: "default-language"
Configuring library for qxfx0-0.1.0.0...
Preprocessing library for qxfx0-0.1.0.0...
Building library for qxfx0-0.1.0.0...
Warning: qxfx0.cabal:18:1: Ignoring trailing fields after sections:
"data-files"
Warning: qxfx0.cabal:14:1: Unknown field: "default-language"
Configuring executable 'qxfx0-main' for qxfx0-0.1.0.0...
Preprocessing executable 'qxfx0-main' for qxfx0-0.1.0.0...
Building executable 'qxfx0-main' for qxfx0-0.1.0.0...
Warning: qxfx0.cabal:18:1: Ignoring trailing fields after sections:
"data-files"
Warning: qxfx0.cabal:14:1: Unknown field: "default-language"
Configuring test suite 'qxfx0-test' for qxfx0-0.1.0.0...
Preprocessing test suite 'qxfx0-test' for qxfx0-0.1.0.0...
Building test suite 'qxfx0-test' for qxfx0-0.1.0.0...
