Architecture checks:
  [1] Types modules must not import Core/Bridge/Semantic...
  [2] Semantic modules must not import Bridge/Core/Runtime...
VIOLATION: /home/liskil/my-haskell-project/QxFx0/src/QxFx0/Semantic/DialogMeaning.hs imports Bridge/Core/Runtime from Semantic
  [2b] Render modules must not import Core/Bridge/Runtime...
VIOLATION: /home/liskil/my-haskell-project/QxFx0/src/QxFx0/Render/Dialogue.hs imports Core/Bridge/Runtime from Render
  [2c] Core→Semantic imports — port modules removed; direct imports allowed...
  [2d] Core→Render imports must stay inside Core render port modules...
  [2e] Core→Policy imports — port modules removed; direct imports allowed...
  [3] Bridge modules must not hardcode spec paths...
  [4] Bridge modules must not import Core... Core modules must not import Bridge or Runtime...
  [4b] Runtime modules must not import top-level QxFx0.Core aggregator...
  [5] No SomeException in Bridge/Semantic/Core/Resources/app source (use IOException/ExceptionPolicy)...
  [6] No partial read in source (use readMaybe/parseTimeM)...
  [7] No bare head/tail/init/last in source (use safe alternatives)...
  [8] No bare fail in IO context in source (use throwQxFx0 from ExceptionPolicy)...
  [8b] No raw userError in source (use throwQxFx0 from ExceptionPolicy)...
  [9] Runtime code must import operational templates from Policy, not Lexicon...
  [10] EmbeddedSQL.hs must be in sync with spec/sql...
  [10b] HTTP perimeter invariants must stay closed...
  [10c] Acceptance gates and docs must reflect local recovery architecture...
Architecture check failed: 2 violation(s)
